// Jest Snapshot v1, https://goo.gl/fbAQLP

exports[`ApplicationQuestion renders correctly 1`] = `
<h1
  className="sc-kAzzGY jDbFAD sc-cSHVUG bVSTLB"
  size="XLARGE"
>
  Loading...
</h1>
`;
