// Jest Snapshot v1, https://goo.gl/fbAQLP

exports[`WebsiteListing renders correctly 1`] = `
<h1
  className="sc-kGXeez fysBMX sc-kgoBCf dSnglf"
  size="XLARGE"
>
  Not found
</h1>
`;
